// Jest Snapshot v1, https://goo.gl/fbAQLP

exports[`Worker should render as expected 1`] = `"<div class=\\"sc-bdVaJa gxXPlU\\"><svg class=\\"sc-VigVT idhQgL\\" data-file-name=\\"SvgBanner\\"></svg><div class=\\"sc-iwsKbI bexaRc\\"><a class=\\"sc-gZMcBi capmkh\\" href=\\"/worker/update/1\\"><i class=\\"fa fa-pencil\\" aria-hidden=\\"true\\"></i></a><div class=\\"sc-gqjmRU JVQoM\\"><i class=\\"fa fa-trash\\" aria-hidden=\\"true\\"></i></div></div><div class=\\"sc-bwzfXH fsIiXN\\"><div class=\\"sc-bxivhb iyqMsS\\"><img alt=\\"Random Profile\\" src=\\"https://randomuser.me/api/portraits/women/60.jpg\\" class=\\"sc-jTzLTM jlRCVJ\\"><p class=\\"sc-EHOje bqzkLF\\">Tatenda Chawanzwa</p><p class=\\"sc-bZQynM cvCSUk\\">tatenda@chadigital.com</p></div></div><p data-test-id=\\"worker-divider\\" class=\\"sc-fjdhpX hyhPRN\\">view more<i class=\\"fas fa-angle-down\\"></i></p><div class=\\"ReactCollapse--collapse\\" style=\\"overflow: hidden; height: 0px;\\"><div class=\\"ReactCollapse--content\\"><div class=\\"sc-bxivhb sc-ifAKCX kYthvX\\"><p class=\\"sc-gzVnrw dzCpZc\\">My short life story blah blah blah</p><div class=\\"sc-htpNat kEJEQX\\"><p class=\\"sc-gzVnrw sc-htoDjs iMSJeQ\\">Skills</p><p class=\\"sc-gzVnrw sc-dnqmqq iTTTiO\\">Node</p><p class=\\"sc-gzVnrw sc-dnqmqq iTTTiO\\">React</p><p class=\\"sc-gzVnrw sc-dnqmqq iTTTiO\\">Basketball</p><p class=\\"sc-gzVnrw sc-dnqmqq iTTTiO\\">Speaker</p></div></div></div></div></div>"`;

exports[`Worker should render children as expected 1`] = `"<div class=\\"sc-bdVaJa gxXPlU\\"><svg class=\\"sc-VigVT idhQgL\\" data-file-name=\\"SvgBanner\\"></svg><div class=\\"sc-iwsKbI bexaRc\\"><a class=\\"sc-gZMcBi capmkh\\" href=\\"/worker/update/1\\"><i class=\\"fa fa-pencil\\" aria-hidden=\\"true\\"></i></a><div class=\\"sc-gqjmRU JVQoM\\"><i class=\\"fa fa-trash\\" aria-hidden=\\"true\\"></i></div></div><div class=\\"sc-bwzfXH fsIiXN\\"><div class=\\"sc-bxivhb iyqMsS\\"><img alt=\\"Random Profile\\" src=\\"https://randomuser.me/api/portraits/women/60.jpg\\" class=\\"sc-jTzLTM jlRCVJ\\"><p class=\\"sc-EHOje bqzkLF\\">Tatenda Chawanzwa</p><p class=\\"sc-bZQynM cvCSUk\\">tatenda@chadigital.com</p></div></div><p data-test-id=\\"worker-divider\\" class=\\"sc-fjdhpX hyhPRN\\">view more<i class=\\"fas fa-angle-down\\"></i></p><div class=\\"ReactCollapse--collapse\\" style=\\"overflow: hidden; height: 0px;\\"><div class=\\"ReactCollapse--content\\"><div class=\\"sc-bxivhb sc-ifAKCX kYthvX\\"><p class=\\"sc-gzVnrw dzCpZc\\">My short life story blah blah blah</p><div class=\\"sc-htpNat kEJEQX\\"><p class=\\"sc-gzVnrw sc-htoDjs iMSJeQ\\">Skills</p><p class=\\"sc-gzVnrw sc-dnqmqq iTTTiO\\">Node</p><p class=\\"sc-gzVnrw sc-dnqmqq iTTTiO\\">React</p><p class=\\"sc-gzVnrw sc-dnqmqq iTTTiO\\">Basketball</p><p class=\\"sc-gzVnrw sc-dnqmqq iTTTiO\\">Speaker</p></div></div></div></div></div>"`;
